
*** src/checks.rs:72:5: replace failing_tests -> Vec<String> with vec![]

*** mutation diff:
--- src/checks.rs
+++ replace failing_tests -> Vec<String> with vec![]
@@ -64,34 +64,17 @@
             .unwrap_or_else(|p| p.into_inner())
             .write(&buf[..n]);
     }
 }
 
 /// Test names from the formats Forge recognises; unknown output yields
 /// nothing rather than a guess.
 pub fn failing_tests(out: &str) -> Vec<String> {
-    let mut names = Vec::new();
-    for line in out.lines().map(str::trim) {
-        if let Some(rest) = line.strip_prefix("--- FAIL: ") {
-            // go test
-            if let Some(n) = rest.split_whitespace().next() {
-                names.push(n.to_string());
-            }
-        } else if let Some(rest) = line.strip_prefix("FAILED ").filter(|r| r.contains("::")) {
-            // pytest
-            if let Some(n) = rest.split_whitespace().next() {
-                names.push(n.to_string());
-            }
-        } else if let Some(rest) = line.strip_prefix("✕ ").or_else(|| line.strip_prefix("✗ ")) {
-            // jest
-            names.push(rest.trim().to_string());
-        }
-    }
-    names
+    vec![] /* ~ changed by cargo-mutants ~ */
 }
 
 pub async fn run_one(
     level: &str,
     name: &str,
     argv: &[String],
     cwd: &Path,
     repo_git_dir: &Path,


*** /home/ronin/.rustup/toolchains/stable-x86_64-unknown-linux-gnu/bin/cargo test --no-run --verbose --package=forge@0.2.0
       Fresh unicode-ident v1.0.24
       Fresh proc-macro2 v1.0.107
       Fresh quote v1.0.47
       Fresh syn v3.0.5
       Fresh libc v0.2.189
       Fresh serde_core v1.0.229
       Fresh shlex v2.0.1
       Fresh find-msvc-tools v0.1.12
       Fresh utf8parse v0.2.2
       Fresh cc v1.4.5
       Fresh pkg-config v0.3.34
       Fresh vcpkg v0.2.15
       Fresh anstyle-parse v1.0.0
       Fresh foldhash v0.2.0
       Fresh colorchoice v1.0.5
       Fresh bitflags v2.13.1
       Fresh is_terminal_polyfill v1.70.2
       Fresh anstyle-query v1.1.5
       Fresh anstyle v1.0.14
       Fresh anstream v1.0.0
       Fresh hashbrown v0.17.1
       Fresh errno v0.3.14
       Fresh heck v0.5.0
       Fresh winnow v1.0.4
       Fresh strsim v0.11.1
       Fresh clap_lex v1.1.0
       Fresh clap_builder v4.6.6
       Fresh toml_parser v1.1.3+spec-1.1.0
       Fresh clap_derive v4.6.4
       Fresh signal-hook-registry v1.4.8
       Fresh hashlink v0.12.2
       Fresh libsqlite3-sys v0.38.2
       Fresh zmij v1.0.23
       Fresh serde_spanned v1.1.1
       Fresh toml_datetime v0.7.5+spec-1.1.0
       Fresh mio v1.2.3
       Fresh serde_derive v1.0.229
       Fresh tokio-macros v2.7.2
       Fresh toml_writer v1.1.2+spec-1.1.0
       Fresh itoa v1.0.18
       Fresh memchr v2.8.3
       Fresh bytes v1.12.1
       Fresh cfg-if v1.0.4
       Fresh pin-project-lite v0.2.17
       Fresh winnow v0.7.15
       Fresh linux-raw-sys v0.12.1
       Fresh smallvec v1.16.0
       Fresh fallible-iterator v0.3.0
       Fresh fallible-streaming-iterator v0.1.9
       Fresh rusqlite v0.40.2
       Fresh rustix v1.1.4
       Fresh toml v0.9.12+spec-1.1.0
       Fresh tokio v1.53.1
       Fresh getrandom v0.4.3
       Fresh serde_json v1.0.151
       Fresh serde v1.0.229
       Fresh clap v4.6.6
       Fresh anyhow v1.0.104
       Fresh once_cell v1.21.4
       Fresh fastrand v2.5.0
       Dirty forge v0.2.0 (/tmp/cargo-mutants-forge_2_electric_boogaloo-sHHzjT.tmp): the file `src/checks.rs` has changed (1789057846.285863984s, 3s after last build at 1789057843.343009527s)
   Compiling forge v0.2.0 (/tmp/cargo-mutants-forge_2_electric_boogaloo-sHHzjT.tmp)
       Fresh tempfile v3.27.0
     Running `/home/ronin/.rustup/toolchains/stable-x86_64-unknown-linux-gnu/bin/rustc --crate-name forge --edition=2024 src/main.rs --error-format=json --json=diagnostic-rendered-ansi,artifacts,future-incompat --crate-type bin --emit=dep-info,link -C embed-bitcode=no -C debuginfo=2 --check-cfg 'cfg(docsrs,test)' --check-cfg 'cfg(feature, values())' -C metadata=592c850fd687c3e6 -C extra-filename=-4efbaec9ca5b4941 --out-dir /tmp/cargo-mutants-forge_2_electric_boogaloo-sHHzjT.tmp/target/debug/deps -C incremental=/tmp/cargo-mutants-forge_2_electric_boogaloo-sHHzjT.tmp/target/debug/incremental -L dependency=/tmp/cargo-mutants-forge_2_electric_boogaloo-sHHzjT.tmp/target/debug/deps --extern anyhow=/tmp/cargo-mutants-forge_2_electric_boogaloo-sHHzjT.tmp/target/debug/deps/libanyhow-1154da83e424c784.rlib --extern clap=/tmp/cargo-mutants-forge_2_electric_boogaloo-sHHzjT.tmp/target/debug/deps/libclap-2009ee8564d8f923.rlib --extern rusqlite=/tmp/cargo-mutants-forge_2_electric_boogaloo-sHHzjT.tmp/target/debug/deps/librusqlite-1ef5b8dac8099b8a.rlib --extern serde=/tmp/cargo-mutants-forge_2_electric_boogaloo-sHHzjT.tmp/target/debug/deps/libserde-efe6c2cd98734bfc.rlib --extern serde_json=/tmp/cargo-mutants-forge_2_electric_boogaloo-sHHzjT.tmp/target/debug/deps/libserde_json-520e8785637d0423.rlib --extern tokio=/tmp/cargo-mutants-forge_2_electric_boogaloo-sHHzjT.tmp/target/debug/deps/libtokio-e2f9ec44844eba22.rlib --extern toml=/tmp/cargo-mutants-forge_2_electric_boogaloo-sHHzjT.tmp/target/debug/deps/libtoml-db5be2afabc8cf40.rlib -L native=/tmp/cargo-mutants-forge_2_electric_boogaloo-sHHzjT.tmp/target/debug/build/libsqlite3-sys-0dba940a0cab43e7/out`
     Running `/home/ronin/.rustup/toolchains/stable-x86_64-unknown-linux-gnu/bin/rustc --crate-name forge --edition=2024 src/main.rs --error-format=json --json=diagnostic-rendered-ansi,artifacts,future-incompat --emit=dep-info,link -C embed-bitcode=no -C debuginfo=2 --test --check-cfg 'cfg(docsrs,test)' --check-cfg 'cfg(feature, values())' -C metadata=c124c663fbad2c10 -C extra-filename=-30a1a36b6b5abe51 --out-dir /tmp/cargo-mutants-forge_2_electric_boogaloo-sHHzjT.tmp/target/debug/deps -C incremental=/tmp/cargo-mutants-forge_2_electric_boogaloo-sHHzjT.tmp/target/debug/incremental -L dependency=/tmp/cargo-mutants-forge_2_electric_boogaloo-sHHzjT.tmp/target/debug/deps --extern anyhow=/tmp/cargo-mutants-forge_2_electric_boogaloo-sHHzjT.tmp/target/debug/deps/libanyhow-1154da83e424c784.rlib --extern clap=/tmp/cargo-mutants-forge_2_electric_boogaloo-sHHzjT.tmp/target/debug/deps/libclap-2009ee8564d8f923.rlib --extern rusqlite=/tmp/cargo-mutants-forge_2_electric_boogaloo-sHHzjT.tmp/target/debug/deps/librusqlite-1ef5b8dac8099b8a.rlib --extern serde=/tmp/cargo-mutants-forge_2_electric_boogaloo-sHHzjT.tmp/target/debug/deps/libserde-efe6c2cd98734bfc.rlib --extern serde_json=/tmp/cargo-mutants-forge_2_electric_boogaloo-sHHzjT.tmp/target/debug/deps/libserde_json-520e8785637d0423.rlib --extern tempfile=/tmp/cargo-mutants-forge_2_electric_boogaloo-sHHzjT.tmp/target/debug/deps/libtempfile-8d9a0fc204d233f8.rlib --extern tokio=/tmp/cargo-mutants-forge_2_electric_boogaloo-sHHzjT.tmp/target/debug/deps/libtokio-e2f9ec44844eba22.rlib --extern toml=/tmp/cargo-mutants-forge_2_electric_boogaloo-sHHzjT.tmp/target/debug/deps/libtoml-db5be2afabc8cf40.rlib -L native=/tmp/cargo-mutants-forge_2_electric_boogaloo-sHHzjT.tmp/target/debug/build/libsqlite3-sys-0dba940a0cab43e7/out`
warning: unused variable: `out`
  --> src/checks.rs:71:22
   |
71 | pub fn failing_tests(out: &str) -> Vec<String> {
   |                      ^^^ help: if this is intentional, prefix it with an underscore: `_out`
   |
   = note: `#[warn(unused_variables)]` (part of `#[warn(unused)]`) on by default

warning: `forge` (bin "forge" test) generated 1 warning (1 duplicate)
warning: `forge` (bin "forge") generated 1 warning (run `cargo fix --bin "forge" -p forge` to apply 1 suggestion)
    Finished `test` profile [unoptimized + debuginfo] target(s) in 0.79s
  Executable `/tmp/cargo-mutants-forge_2_electric_boogaloo-sHHzjT.tmp/target/debug/deps/forge-30a1a36b6b5abe51`
  Executable `/tmp/cargo-mutants-forge_2_electric_boogaloo-sHHzjT.tmp/target/debug/deps/e2e-ec5b46a137667371`

*** result: Success

*** /home/ronin/.rustup/toolchains/stable-x86_64-unknown-linux-gnu/bin/cargo test --verbose --package=forge@0.2.0
       Fresh unicode-ident v1.0.24
       Fresh proc-macro2 v1.0.107
       Fresh shlex v2.0.1
       Fresh find-msvc-tools v0.1.12
       Fresh vcpkg v0.2.15
       Fresh utf8parse v0.2.2
       Fresh pkg-config v0.3.34
       Fresh quote v1.0.47
       Fresh cc v1.4.5
       Fresh anstyle-parse v1.0.0
       Fresh is_terminal_polyfill v1.70.2
       Fresh bitflags v2.13.1
       Fresh colorchoice v1.0.5
       Fresh anstyle-query v1.1.5
       Fresh libc v0.2.189
       Fresh syn v3.0.5
       Fresh serde_core v1.0.229
       Fresh foldhash v0.2.0
       Fresh anstyle v1.0.14
       Fresh heck v0.5.0
       Fresh errno v0.3.14
       Fresh anstream v1.0.0
       Fresh hashbrown v0.17.1
       Fresh winnow v1.0.4
       Fresh strsim v0.11.1
       Fresh clap_lex v1.1.0
       Fresh hashlink v0.12.2
       Fresh toml_parser v1.1.3+spec-1.1.0
       Fresh zmij v1.0.23
       Fresh clap_builder v4.6.6
       Fresh libsqlite3-sys v0.38.2
       Fresh signal-hook-registry v1.4.8
       Fresh clap_derive v4.6.4
       Fresh tokio-macros v2.7.2
       Fresh serde_spanned v1.1.1
       Fresh mio v1.2.3
       Fresh toml_datetime v0.7.5+spec-1.1.0
       Fresh serde_derive v1.0.229
       Fresh itoa v1.0.18
       Fresh memchr v2.8.3
       Fresh toml_writer v1.1.2+spec-1.1.0
       Fresh fallible-iterator v0.3.0
       Fresh winnow v0.7.15
       Fresh pin-project-lite v0.2.17
       Fresh bytes v1.12.1
       Fresh smallvec v1.16.0
       Fresh cfg-if v1.0.4
       Fresh fallible-streaming-iterator v0.1.9
       Fresh linux-raw-sys v0.12.1
       Fresh toml v0.9.12+spec-1.1.0
       Fresh serde_json v1.0.151
       Fresh tokio v1.53.1
       Fresh serde v1.0.229
       Fresh clap v4.6.6
       Fresh getrandom v0.4.3
       Fresh rusqlite v0.40.2
       Fresh rustix v1.1.4
       Fresh anyhow v1.0.104
       Fresh once_cell v1.21.4
       Fresh fastrand v2.5.0
       Fresh tempfile v3.27.0
warning: unused variable: `out`
  --> src/checks.rs:71:22
   |
71 | pub fn failing_tests(out: &str) -> Vec<String> {
   |                      ^^^ help: if this is intentional, prefix it with an underscore: `_out`
   |
   = note: `#[warn(unused_variables)]` (part of `#[warn(unused)]`) on by default

warning: `forge` (bin "forge") generated 1 warning (run `cargo fix --bin "forge" -p forge` to apply 1 suggestion)
       Fresh forge v0.2.0 (/tmp/cargo-mutants-forge_2_electric_boogaloo-sHHzjT.tmp)
warning: `forge` (bin "forge" test) generated 1 warning (1 duplicate)
    Finished `test` profile [unoptimized + debuginfo] target(s) in 0.02s
     Running `/tmp/cargo-mutants-forge_2_electric_boogaloo-sHHzjT.tmp/target/debug/deps/forge-30a1a36b6b5abe51`

running 16 tests
test checks::tests::tail_keeps_only_the_end ... ok
test config::tests::protected_matches_files_and_directories ... ok
test checks::tests::extracts_go_pytest_and_jest_failures_only ... FAILED
test envelope::tests::falls_back_to_json_result_text_and_reports_absence ... ok
test git::tests::github_remotes_get_compare_urls ... ok
test envelope::tests::schema_is_valid_json_and_parses_its_own_example ... ok
test store::tests::unknown_state_is_an_error_not_a_default ... ok
test git::tests::other_remotes_get_none ... ok
test verify::tests::agent_failure_reasons ... ok
test verify::tests::verdict_table ... ok
test verify::tests::feedback_names_failing_tests_first ... ok
test config::tests::home_config_defaults_and_overrides ... ok
test store::tests::refuses_a_newer_schema ... ok
test checks::tests::a_backgrounded_child_does_not_hold_the_check_open ... ok
test store::tests::claim_is_exclusive_and_requeue_closes_the_open_attempt ... ok
test store::tests::migrates_fresh_db_to_latest_and_is_idempotent ... ok

failures:

---- checks::tests::extracts_go_pytest_and_jest_failures_only stdout ----

thread 'checks::tests::extracts_go_pytest_and_jest_failures_only' (642265) panicked at src/checks.rs:178:9:
assertion `left == right` failed
  left: []
 right: ["TestA", "tests/test_x.py::test_one", "renders the header (12 ms)"]
note: run with `RUST_BACKTRACE=1` environment variable to display a backtrace


failures:
    checks::tests::extracts_go_pytest_and_jest_failures_only

test result: FAILED. 15 passed; 1 failed; 0 ignored; 0 measured; 0 filtered out; finished in 0.00s

error: test failed, to rerun pass `-p forge --bin forge`

*** result: Failure(101)
